// Vitest Snapshot v1

exports[`<League /> > Check snapshot 1`] = `
<DocumentFragment>
  <div
    class="_container_lmcue_1"
    data-color-mode="dark"
  >
    <header
      class="_header_lmcue_18"
    >
      <header
        class="_header_1yhnh_1"
      >
        <div
          class="_appName_1yhnh_7"
        >
          <a
            class="_title_1045q_1"
            title="retour à l'accueil"
          >
            Njörd
          </a>
          <div
            class="_link_1ld19_1"
          >
            <span
              style="box-sizing: border-box; display: inline-block; overflow: hidden; background: none; opacity: 1; border: 0px; margin: 0px; padding: 0px; position: relative; max-width: 100%;"
            >
              <span
                style="box-sizing: border-box; display: block; background: none; opacity: 1; border: 0px; margin: 0px; padding: 0px; max-width: 100%;"
              >
                <img
                  alt=""
                  aria-hidden="true"
                  src="data:image/svg+xml,%3csvg%20xmlns=%27http://www.w3.org/2000/svg%27%20version=%271.1%27%20width=%2720%27%20height=%2720%27/%3e"
                  style="display: block; max-width: 100%; background: none; opacity: 1; border: 0px; margin: 0px; padding: 0px;"
                />
              </span>
              <img
                alt="flêche"
                data-nimg="intrinsic"
                decoding="async"
                src="data:image/gif;base64,R0lGODlhAQABAIAAAAAAAP///yH5BAEAAAAALAAAAAABAAEAAAIBRAA7"
                style="position: absolute; top: 0px; left: 0px; bottom: 0px; right: 0px; box-sizing: border-box; padding: 0px; margin: auto; display: block; width: 0px; height: 0px; min-width: 100%; max-width: 100%; min-height: 100%; max-height: 100%;"
              />
              <noscript />
            </span>
            <div>
              Njörd
            </div>
          </div>
        </div>
        <div
          class="_appName_1yhnh_7"
        >
          <div
            class="_count_snjyq_1"
          >
            200 Dr.
          </div>
          <a
            class="_container_1ssp7_1"
            data-active="false"
          >
            <span
              style="box-sizing: border-box; display: inline-block; overflow: hidden; background: none; opacity: 1; border: 0px; margin: 0px; padding: 0px; position: relative; max-width: 100%;"
            >
              <span
                style="box-sizing: border-box; display: block; background: none; opacity: 1; border: 0px; margin: 0px; padding: 0px; max-width: 100%;"
              >
                <img
                  alt=""
                  aria-hidden="true"
                  src="data:image/svg+xml,%3csvg%20xmlns=%27http://www.w3.org/2000/svg%27%20version=%271.1%27%20width=%2720%27%20height=%2720%27/%3e"
                  style="display: block; max-width: 100%; background: none; opacity: 1; border: 0px; margin: 0px; padding: 0px;"
                />
              </span>
              <img
                alt="clôche"
                class="_bell_1ssp7_11"
                data-nimg="intrinsic"
                decoding="async"
                src="data:image/gif;base64,R0lGODlhAQABAIAAAAAAAP///yH5BAEAAAAALAAAAAABAAEAAAIBRAA7"
                style="position: absolute; top: 0px; left: 0px; bottom: 0px; right: 0px; box-sizing: border-box; padding: 0px; margin: auto; display: block; width: 0px; height: 0px; min-width: 100%; max-width: 100%; min-height: 100%; max-height: 100%;"
              />
              <noscript />
            </span>
            <div
              class="_count_13krl_1"
            >
               10
            </div>
          </a>
          <div
            class="_container_1dfbn_1"
          >
            <div
              class="_avatar_1dfbn_12"
              data-ignore="true"
              data-testid="avatar"
            >
              <span
                style="box-sizing: border-box; display: inline-block; overflow: hidden; background: none; opacity: 1; border: 0px; margin: 0px; padding: 0px; position: relative; max-width: 100%;"
              >
                <span
                  style="box-sizing: border-box; display: block; background: none; opacity: 1; border: 0px; margin: 0px; padding: 0px; max-width: 100%;"
                >
                  <img
                    alt=""
                    aria-hidden="true"
                    src="data:image/svg+xml,%3csvg%20xmlns=%27http://www.w3.org/2000/svg%27%20version=%271.1%27%20width=%2730%27%20height=%2730%27/%3e"
                    style="display: block; max-width: 100%; background: none; opacity: 1; border: 0px; margin: 0px; padding: 0px;"
                  />
                </span>
                <img
                  alt="/public/static/images/profile.webp"
                  data-nimg="intrinsic"
                  decoding="async"
                  src="data:image/gif;base64,R0lGODlhAQABAIAAAAAAAP///yH5BAEAAAAALAAAAAABAAEAAAIBRAA7"
                  style="position: absolute; top: 0px; left: 0px; bottom: 0px; right: 0px; box-sizing: border-box; padding: 0px; margin: auto; display: block; width: 0px; height: 0px; min-width: 100%; max-width: 100%; min-height: 100%; max-height: 100%;"
                />
                <noscript />
              </span>
            </div>
          </div>
        </div>
      </header>
      <div
        class="Toastify"
      />
    </header>
    <div
      class="_menu_lmcue_22"
    />
    <main
      class="_main_lmcue_12"
    >
      <div
        class="_box_lmcue_31"
      >
        <div
          class="_container_1diov_1"
        >
          <div
            class="_alert_1diov_9"
          >
            Vous n'avez pas de league
          </div>
          <button>
            Rejoindre une league
          </button>
          <div
            class="_users_1diov_32"
          >
            <div
              class="_container_54422_1"
            >
              <div
                class="_search_54422_16"
              >
                <div
                  class="_container_1hxwo_1"
                >
                  <input
                    class="_input_1hxwo_55"
                    placeholder="Rechercher"
                    value=""
                  />
                  <div
                    class="_cross_1hxwo_18"
                    data-disabled="true"
                  />
                </div>
              </div>
              <div
                class="_container_54422_1"
              >
                <div
                  class="_box_54422_6"
                >
                  <div
                    class="_users_54422_26"
                  />
                </div>
              </div>
            </div>
          </div>
        </div>
      </div>
    </main>
  </div>
</DocumentFragment>
`;
