// Vitest Snapshot v1

exports[`<UserLeagueRequest /> > Check snapshot 1`] = `<DocumentFragment />`;
