// Vitest Snapshot v1

exports[`<FlexCol /> > Check snapshot 1`] = `
<DocumentFragment>
  <div
    class="_container_1i13q_1"
  >
    <p>
      test
    </p>
    <p>
      test 2
    </p>
  </div>
</DocumentFragment>
`;
