// Vitest Snapshot v1

exports[`<Notifications /> > Check snapshot 1`] = `
<DocumentFragment>
  <div
    class="_container_lmcue_1"
    data-color-mode="dark"
  >
    <header
      class="_header_lmcue_18"
    >
      <header
        class="_header_1yhnh_1"
      >
        <div
          class="_appName_1yhnh_7"
        >
          <a
            class="_title_1045q_1"
            title="retour à l'accueil"
          >
            Njörd
          </a>
        </div>
        <div
          class="_appName_1yhnh_7"
        >
          <div
            class="_count_snjyq_1"
          >
            200 Dr.
          </div>
          <a
            class="_container_1ssp7_1"
            data-active="false"
          >
            <span
              style="box-sizing: border-box; display: inline-block; overflow: hidden; background: none; opacity: 1; border: 0px; margin: 0px; padding: 0px; position: relative; max-width: 100%;"
            >
              <span
                style="box-sizing: border-box; display: block; background: none; opacity: 1; border: 0px; margin: 0px; padding: 0px; max-width: 100%;"
              >
                <img
                  alt=""
                  aria-hidden="true"
                  src="data:image/svg+xml,%3csvg%20xmlns=%27http://www.w3.org/2000/svg%27%20version=%271.1%27%20width=%2720%27%20height=%2720%27/%3e"
                  style="display: block; max-width: 100%; background: none; opacity: 1; border: 0px; margin: 0px; padding: 0px;"
                />
              </span>
              <img
                alt="clôche"
                class="_bell_1ssp7_11"
                data-nimg="intrinsic"
                decoding="async"
                src="/icons/bell.svg"
                srcset="/icons/bell.svg 1x, /icons/bell.svg 2x"
                style="position: absolute; top: 0px; left: 0px; bottom: 0px; right: 0px; box-sizing: border-box; padding: 0px; margin: auto; display: block; width: 0px; height: 0px; min-width: 100%; max-width: 100%; min-height: 100%; max-height: 100%;"
              />
              <noscript />
            </span>
            <div
              class="_count_13krl_1"
            >
               10
            </div>
          </a>
          <div
            class="_container_1cugo_1"
          >
            <div
              class="_avatar_1cugo_12"
              data-ignore="true"
              data-testid="avatar"
            >
              <span
                style="box-sizing: border-box; display: inline-block; overflow: hidden; background: none; opacity: 1; border: 0px; margin: 0px; padding: 0px; position: relative; max-width: 100%;"
              >
                <span
                  style="box-sizing: border-box; display: block; background: none; opacity: 1; border: 0px; margin: 0px; padding: 0px; max-width: 100%;"
                >
                  <img
                    alt=""
                    aria-hidden="true"
                    src="data:image/svg+xml,%3csvg%20xmlns=%27http://www.w3.org/2000/svg%27%20version=%271.1%27%20width=%2730%27%20height=%2730%27/%3e"
                    style="display: block; max-width: 100%; background: none; opacity: 1; border: 0px; margin: 0px; padding: 0px;"
                  />
                </span>
                <img
                  alt="/public/static/images/profile.webp"
                  data-nimg="intrinsic"
                  decoding="async"
                  src="/_next/image?url=%2Fpublic%2Fstatic%2Fimages%2Fprofile.webp&w=64&q=75"
                  srcset="/_next/image?url=%2Fpublic%2Fstatic%2Fimages%2Fprofile.webp&w=32&q=75 1x, /_next/image?url=%2Fpublic%2Fstatic%2Fimages%2Fprofile.webp&w=64&q=75 2x"
                  style="position: absolute; top: 0px; left: 0px; bottom: 0px; right: 0px; box-sizing: border-box; padding: 0px; margin: auto; display: block; width: 0px; height: 0px; min-width: 100%; max-width: 100%; min-height: 100%; max-height: 100%;"
                />
                <noscript />
              </span>
            </div>
          </div>
        </div>
      </header>
      <div
        class="Toastify"
      />
    </header>
    <div
      class="_menu_lmcue_22"
    >
      <nav
        class="_container_vaf4v_1"
      >
        <a
          class="_link_vaf4v_12"
          data-current="true"
        >
          <span
            style="box-sizing: border-box; display: inline-block; overflow: hidden; background: none; opacity: 1; border: 0px; margin: 0px; padding: 0px; position: relative; max-width: 100%;"
          >
            <span
              style="box-sizing: border-box; display: block; background: none; opacity: 1; border: 0px; margin: 0px; padding: 0px; max-width: 100%;"
            >
              <img
                alt=""
                aria-hidden="true"
                src="data:image/svg+xml,%3csvg%20xmlns=%27http://www.w3.org/2000/svg%27%20version=%271.1%27%20width=%2715%27%20height=%2715%27/%3e"
                style="display: block; max-width: 100%; background: none; opacity: 1; border: 0px; margin: 0px; padding: 0px;"
              />
            </span>
            <img
              alt="Accueil"
              data-nimg="intrinsic"
              decoding="async"
              src="/icons/house.svg"
              srcset="/icons/house.svg 1x, /icons/house.svg 2x"
              style="position: absolute; top: 0px; left: 0px; bottom: 0px; right: 0px; box-sizing: border-box; padding: 0px; margin: auto; display: block; width: 0px; height: 0px; min-width: 100%; max-width: 100%; min-height: 100%; max-height: 100%;"
            />
            <noscript />
          </span>
          <div>
            Accueil
          </div>
        </a>
        <a
          class="_link_vaf4v_12"
          data-current="false"
        >
          <span
            style="box-sizing: border-box; display: inline-block; overflow: hidden; background: none; opacity: 1; border: 0px; margin: 0px; padding: 0px; position: relative; max-width: 100%;"
          >
            <span
              style="box-sizing: border-box; display: block; background: none; opacity: 1; border: 0px; margin: 0px; padding: 0px; max-width: 100%;"
            >
              <img
                alt=""
                aria-hidden="true"
                src="data:image/svg+xml,%3csvg%20xmlns=%27http://www.w3.org/2000/svg%27%20version=%271.1%27%20width=%2715%27%20height=%2715%27/%3e"
                style="display: block; max-width: 100%; background: none; opacity: 1; border: 0px; margin: 0px; padding: 0px;"
              />
            </span>
            <img
              alt="Calendrier"
              data-nimg="intrinsic"
              decoding="async"
              src="/icons/calendar-days.svg"
              srcset="/icons/calendar-days.svg 1x, /icons/calendar-days.svg 2x"
              style="position: absolute; top: 0px; left: 0px; bottom: 0px; right: 0px; box-sizing: border-box; padding: 0px; margin: auto; display: block; width: 0px; height: 0px; min-width: 100%; max-width: 100%; min-height: 100%; max-height: 100%;"
            />
            <noscript />
          </span>
          <div>
            Calendrier
          </div>
        </a>
        <a
          class="_link_vaf4v_12"
          data-current="false"
        >
          <span
            style="box-sizing: border-box; display: inline-block; overflow: hidden; background: none; opacity: 1; border: 0px; margin: 0px; padding: 0px; position: relative; max-width: 100%;"
          >
            <span
              style="box-sizing: border-box; display: block; background: none; opacity: 1; border: 0px; margin: 0px; padding: 0px; max-width: 100%;"
            >
              <img
                alt=""
                aria-hidden="true"
                src="data:image/svg+xml,%3csvg%20xmlns=%27http://www.w3.org/2000/svg%27%20version=%271.1%27%20width=%2715%27%20height=%2715%27/%3e"
                style="display: block; max-width: 100%; background: none; opacity: 1; border: 0px; margin: 0px; padding: 0px;"
              />
            </span>
            <img
              alt="Ma league"
              data-nimg="intrinsic"
              decoding="async"
              src="/icons/flag-pennant.svg"
              srcset="/icons/flag-pennant.svg 1x, /icons/flag-pennant.svg 2x"
              style="position: absolute; top: 0px; left: 0px; bottom: 0px; right: 0px; box-sizing: border-box; padding: 0px; margin: auto; display: block; width: 0px; height: 0px; min-width: 100%; max-width: 100%; min-height: 100%; max-height: 100%;"
            />
            <noscript />
          </span>
          <div>
            Ma league
          </div>
        </a>
        <a
          class="_link_vaf4v_12"
          data-current="false"
        >
          <span
            style="box-sizing: border-box; display: inline-block; overflow: hidden; background: none; opacity: 1; border: 0px; margin: 0px; padding: 0px; position: relative; max-width: 100%;"
          >
            <span
              style="box-sizing: border-box; display: block; background: none; opacity: 1; border: 0px; margin: 0px; padding: 0px; max-width: 100%;"
            >
              <img
                alt=""
                aria-hidden="true"
                src="data:image/svg+xml,%3csvg%20xmlns=%27http://www.w3.org/2000/svg%27%20version=%271.1%27%20width=%2715%27%20height=%2715%27/%3e"
                style="display: block; max-width: 100%; background: none; opacity: 1; border: 0px; margin: 0px; padding: 0px;"
              />
            </span>
            <img
              alt="Mes équipes"
              data-nimg="intrinsic"
              decoding="async"
              src="/icons/teams.svg"
              srcset="/icons/teams.svg 1x, /icons/teams.svg 2x"
              style="position: absolute; top: 0px; left: 0px; bottom: 0px; right: 0px; box-sizing: border-box; padding: 0px; margin: auto; display: block; width: 0px; height: 0px; min-width: 100%; max-width: 100%; min-height: 100%; max-height: 100%;"
            />
            <noscript />
          </span>
          <div>
            Mes équipes
          </div>
        </a>
        <a
          class="_link_vaf4v_12"
          data-current="false"
        >
          <span
            style="box-sizing: border-box; display: inline-block; overflow: hidden; background: none; opacity: 1; border: 0px; margin: 0px; padding: 0px; position: relative; max-width: 100%;"
          >
            <span
              style="box-sizing: border-box; display: block; background: none; opacity: 1; border: 0px; margin: 0px; padding: 0px; max-width: 100%;"
            >
              <img
                alt=""
                aria-hidden="true"
                src="data:image/svg+xml,%3csvg%20xmlns=%27http://www.w3.org/2000/svg%27%20version=%271.1%27%20width=%2715%27%20height=%2715%27/%3e"
                style="display: block; max-width: 100%; background: none; opacity: 1; border: 0px; margin: 0px; padding: 0px;"
              />
            </span>
            <img
              alt="Mes adresses"
              data-nimg="intrinsic"
              decoding="async"
              src="/icons/map.svg"
              srcset="/icons/map.svg 1x, /icons/map.svg 2x"
              style="position: absolute; top: 0px; left: 0px; bottom: 0px; right: 0px; box-sizing: border-box; padding: 0px; margin: auto; display: block; width: 0px; height: 0px; min-width: 100%; max-width: 100%; min-height: 100%; max-height: 100%;"
            />
            <noscript />
          </span>
          <div>
            Mes adresses
          </div>
        </a>
        <a
          class="_link_vaf4v_12"
          data-current="false"
        >
          <span
            style="box-sizing: border-box; display: inline-block; overflow: hidden; background: none; opacity: 1; border: 0px; margin: 0px; padding: 0px; position: relative; max-width: 100%;"
          >
            <span
              style="box-sizing: border-box; display: block; background: none; opacity: 1; border: 0px; margin: 0px; padding: 0px; max-width: 100%;"
            >
              <img
                alt=""
                aria-hidden="true"
                src="data:image/svg+xml,%3csvg%20xmlns=%27http://www.w3.org/2000/svg%27%20version=%271.1%27%20width=%2715%27%20height=%2715%27/%3e"
                style="display: block; max-width: 100%; background: none; opacity: 1; border: 0px; margin: 0px; padding: 0px;"
              />
            </span>
            <img
              alt="Mon inventaire"
              data-nimg="intrinsic"
              decoding="async"
              src="/icons/warehouse.svg"
              srcset="/icons/warehouse.svg 1x, /icons/warehouse.svg 2x"
              style="position: absolute; top: 0px; left: 0px; bottom: 0px; right: 0px; box-sizing: border-box; padding: 0px; margin: auto; display: block; width: 0px; height: 0px; min-width: 100%; max-width: 100%; min-height: 100%; max-height: 100%;"
            />
            <noscript />
          </span>
          <div>
            Mon inventaire
          </div>
        </a>
      </nav>
    </div>
    <main
      class="_main_lmcue_12"
    >
      <div
        class="_box_lmcue_31"
      >
        <div
          class="_container_15udy_1"
        >
          <div
            class="_box_15udy_9"
          >
            <div>
              Aucune notification
            </div>
          </div>
        </div>
      </div>
    </main>
  </div>
</DocumentFragment>
`;
